// Jest Snapshot v1, https://goo.gl/fbAQLP

exports[`useTemplate8Setup should return the correct values 1`] = `
{
  "beneficiaryInputProps": {
    "onChange": [Function],
    "required": false,
    "value": "beneficiary",
  },
  "currencySelectionProps": {
    "onToggle": [Function],
    "paymentMethod": "paysera",
    "selectedCurrencies": [],
  },
  "labelInputProps": {
    "errorMessage": [],
    "onChange": [Function],
    "value": "label",
  },
  "phoneInputProps": {
    "errorMessage": [
      "please enter a valid value",
      "numbers from this country are not allowed",
    ],
    "onChange": [Function],
    "value": "phone",
  },
  "referenceInputProps": {
    "errorMessage": [],
    "onChange": [Function],
    "onSubmit": [Function],
    "value": "reference",
  },
}
`;
