// Jest Snapshot v1, https://goo.gl/fbAQLP

exports[`NoPeachFeesSuccess should render correctly 1`] = `
<PeachText>
  You successfully activated this powerup. Let's getÂ trading!
</PeachText>
`;
