// Jest Snapshot v1, https://goo.gl/fbAQLP

exports[`NumberInput renders correctly 1`] = `
<Input
  keyboardType="numeric"
/>
`;
