// Jest Snapshot v1, https://goo.gl/fbAQLP

exports[`OfferPublished renders correctly 1`] = `
[
  <View
    style={
      {
        "flexGrow": 1,
        "gap": 32,
        "justifyContent": "center",
      }
    }
  >
    <Text
      allowFontScaling={false}
      style={
        [
          {
            "color": "#2B1911",
            "fontFamily": "Baloo2-Regular",
            "fontSize": 16,
            "letterSpacing": 0.16,
            "lineHeight": 24,
          },
          {
            "color": "#FFFCFA",
            "flexShrink": 1,
            "fontFamily": "Baloo2-Bold",
            "fontSize": 34,
            "letterSpacing": 0.34,
            "lineHeight": 42,
            "textAlign": "center",
          },
          false,
        ]
      }
    >
      offer published!
    </Text>
    <View
      style={
        {
          "alignItems": "center",
          "flexDirection": "row",
          "gap": 24,
        }
      }
    >
      <test-file-stub
        fill="#FFFCFA"
        style={
          [
            {
              "height": 92,
              "width": 92,
            },
            undefined,
          ]
        }
      />
      <Text
        allowFontScaling={false}
        style={
          [
            {
              "color": "#2B1911",
              "fontFamily": "Baloo2-Regular",
              "fontSize": 16,
              "letterSpacing": 0.16,
              "lineHeight": 24,
            },
            [
              {
                "color": "#FFFCFA",
                "flexBasis": "0%",
                "flexGrow": 1,
                "flexShrink": 1,
                "fontFamily": "Baloo2-Regular",
                "fontSize": 20,
                "letterSpacing": 0.2,
                "lineHeight": 28,
              },
              false,
            ],
            false,
          ]
        }
      >
        We'll send you a notification when there are matchesÂ available.
      </Text>
    </View>
  </View>,
  <View
    style={
      {
        "alignSelf": "center",
        "gap": 12,
      }
    }
  >
    <View
      accessibilityState={
        {
          "busy": undefined,
          "checked": undefined,
          "disabled": undefined,
          "expanded": undefined,
          "selected": undefined,
        }
      }
      accessibilityValue={
        {
          "max": undefined,
          "min": undefined,
          "now": undefined,
          "text": undefined,
        }
      }
      accessible={true}
      collapsable={false}
      focusable={true}
      onClick={[Function]}
      onResponderGrant={[Function]}
      onResponderMove={[Function]}
      onResponderRelease={[Function]}
      onResponderTerminate={[Function]}
      onResponderTerminationRequest={[Function]}
      onStartShouldSetResponder={[Function]}
      style={
        {
          "alignItems": "center",
          "backgroundColor": "#FFFCFA",
          "borderColor": undefined,
          "borderRadius": 9999,
          "flexDirection": "row",
          "gap": 8,
          "justifyContent": "center",
          "minWidth": 104,
          "opacity": 1,
          "paddingBottom": 3,
          "paddingLeft": 24,
          "paddingRight": 24,
          "paddingTop": 3,
        }
      }
    >
      <Text
        allowFontScaling={false}
        ellipsizeMode="tail"
        numberOfLines={1}
        style={
          [
            {
              "color": "#2B1911",
              "fontFamily": "Baloo2-Regular",
              "fontSize": 16,
              "letterSpacing": 0.16,
              "lineHeight": 24,
            },
            [
              {
                "fontFamily": "Baloo2-SemiBold",
                "fontSize": 13,
                "letterSpacing": 0.47,
                "lineHeight": 22,
                "textTransform": "uppercase",
              },
              {},
              {
                "color": "#F56522",
              },
            ],
            false,
          ]
        }
      >
        show offer
      </Text>
    </View>
    <View
      accessibilityState={
        {
          "busy": undefined,
          "checked": undefined,
          "disabled": undefined,
          "expanded": undefined,
          "selected": undefined,
        }
      }
      accessibilityValue={
        {
          "max": undefined,
          "min": undefined,
          "now": undefined,
          "text": undefined,
        }
      }
      accessible={true}
      collapsable={false}
      focusable={true}
      onClick={[Function]}
      onResponderGrant={[Function]}
      onResponderMove={[Function]}
      onResponderRelease={[Function]}
      onResponderTerminate={[Function]}
      onResponderTerminationRequest={[Function]}
      onStartShouldSetResponder={[Function]}
      style={
        {
          "alignItems": "center",
          "backgroundColor": "transparent",
          "borderColor": "#FFFCFA",
          "borderRadius": 9999,
          "borderWidth": 2,
          "flexDirection": "row",
          "gap": 8,
          "justifyContent": "center",
          "minWidth": 104,
          "opacity": 1,
          "paddingBottom": 3,
          "paddingLeft": 24,
          "paddingRight": 24,
          "paddingTop": 3,
        }
      }
    >
      <Text
        allowFontScaling={false}
        ellipsizeMode="tail"
        numberOfLines={1}
        style={
          [
            {
              "color": "#2B1911",
              "fontFamily": "Baloo2-Regular",
              "fontSize": 16,
              "letterSpacing": 0.16,
              "lineHeight": 24,
            },
            [
              {
                "fontFamily": "Baloo2-SemiBold",
                "fontSize": 13,
                "letterSpacing": 0.47,
                "lineHeight": 22,
                "textTransform": "uppercase",
              },
              {},
              {
                "color": "#FFFCFA",
              },
            ],
            false,
          ]
        }
      >
        close
      </Text>
    </View>
  </View>,
]
`;
