// Jest Snapshot v1, https://goo.gl/fbAQLP

exports[`useNodeSetup should show connection error popup if no connection could be made 1`] = `
<View
  style={
    {
      "borderRadius": 16,
      "marginLeft": 24,
      "marginRight": 24,
      "overflow": "hidden",
    }
  }
>
  <View
    accessibilityState={
      {
        "busy": undefined,
        "checked": undefined,
        "disabled": undefined,
        "expanded": undefined,
        "selected": undefined,
      }
    }
    accessibilityValue={
      {
        "max": undefined,
        "min": undefined,
        "now": undefined,
        "text": undefined,
      }
    }
    accessible={true}
    collapsable={false}
    focusable={true}
    onBlur={[Function]}
    onClick={[Function]}
    onFocus={[Function]}
    onResponderGrant={[Function]}
    onResponderMove={[Function]}
    onResponderRelease={[Function]}
    onResponderTerminate={[Function]}
    onResponderTerminationRequest={[Function]}
    onStartShouldSetResponder={[Function]}
    style={
      [
        {
          "alignItems": "stretch",
          "backgroundColor": "#FEEDE5",
          "gap": 12,
          "paddingBottom": 24,
          "paddingLeft": 24,
          "paddingRight": 24,
          "paddingTop": 16,
        },
        [
          {
            "backgroundColor": "#FDF6C0",
          },
          {
            "alignItems": "stretch",
          },
        ],
      ]
    }
  >
    <Text
      allowFontScaling={false}
      style={
        [
          {
            "color": "#2B1911",
            "fontFamily": "Baloo2-Regular",
            "fontSize": 16,
            "letterSpacing": 0.16,
            "lineHeight": 24,
          },
          {
            "fontFamily": "Baloo2-Bold",
            "fontSize": 24,
            "letterSpacing": 0.24,
            "lineHeight": 32,
            "width": "100%",
          },
          false,
        ]
      }
    >
      no connection...
    </Text>
    <Text
      allowFontScaling={false}
      selectable={true}
      style={
        [
          {
            "color": "#2B1911",
            "fontFamily": "Baloo2-Regular",
            "fontSize": 16,
            "letterSpacing": 0.16,
            "lineHeight": 24,
          },
          undefined,
          false,
        ]
      }
    >
      Please check if you have entered all the connection information correctly.

We got the followingÂ response:

error
    </Text>
  </View>
  <View
    style={
      [
        {
          "alignItems": "center",
          "alignSelf": "stretch",
          "backgroundColor": "#F56522",
          "flexDirection": "row",
          "justifyContent": "space-between",
        },
        {
          "backgroundColor": "#F5CE22",
        },
      ]
    }
  >
    <View
      style={
        {
          "alignItems": "center",
          "width": "100%",
        }
      }
    >
      <View
        accessibilityState={
          {
            "busy": undefined,
            "checked": undefined,
            "disabled": undefined,
            "expanded": undefined,
            "selected": undefined,
          }
        }
        accessibilityValue={
          {
            "max": undefined,
            "min": undefined,
            "now": undefined,
            "text": undefined,
          }
        }
        accessible={true}
        collapsable={false}
        focusable={true}
        onClick={[Function]}
        onResponderGrant={[Function]}
        onResponderMove={[Function]}
        onResponderRelease={[Function]}
        onResponderTerminate={[Function]}
        onResponderTerminationRequest={[Function]}
        onStartShouldSetResponder={[Function]}
        style={
          {
            "alignItems": "center",
            "flexDirection": "row",
            "flexGrow": 1,
            "gap": 4,
            "opacity": 1,
            "paddingBottom": 8,
            "paddingLeft": 24,
            "paddingRight": 24,
            "paddingTop": 8,
          }
        }
      >
        <test-file-stub
          fill="#2B1911"
          style={
            [
              {
                "height": 16,
                "width": 16,
              },
              undefined,
            ]
          }
        />
        <Text
          allowFontScaling={false}
          style={
            [
              {
                "color": "#2B1911",
                "fontFamily": "Baloo2-Regular",
                "fontSize": 16,
                "letterSpacing": 0.16,
                "lineHeight": 24,
              },
              [
                {
                  "color": "#FFFCFA",
                  "fontFamily": "Baloo2-SemiBold",
                  "fontSize": 16,
                  "letterSpacing": 0.16,
                  "lineHeight": 28,
                },
                {
                  "color": "#2B1911",
                },
              ],
              false,
            ]
          }
        >
          close
        </Text>
      </View>
    </View>
  </View>
</View>
`;
