// Jest Snapshot v1, https://goo.gl/fbAQLP

exports[`useDisputeReasonSelectorSetup sets up the header correctly 1`] = `<React.Fragment />`;
