// Jest Snapshot v1, https://goo.gl/fbAQLP

exports[`SelectPaymentMethod should render correctly 1`] = `
<Screen>
  <NewHeader
    title="select payment method"
  />
  <ForwardRef
    contentContainerStyle={
      [
        {
          "flexGrow": 1,
          "justifyContent": "center",
          "paddingBottom": 16,
          "paddingTop": 16,
        },
        {
          "paddingBottom": 32,
          "paddingTop": 32,
        },
      ]
    }
  >
    <RadioButtons
      items={
        [
          {
            "display": "bank transfer",
            "value": "bankTransfer",
          },
        ]
      }
      onButtonPress={[Function]}
    />
  </ForwardRef>
  <PrimaryButton
    disabled={true}
    narrow={true}
    style={
      {
        "alignSelf": "center",
        "marginBottom": 20,
        "marginTop": 8,
      }
    }
  >
    next
  </PrimaryButton>
</Screen>
`;
