// Jest Snapshot v1, https://goo.gl/fbAQLP

exports[`AddressSummaryItem renders correctly 1`] = `
<SummaryItem
  title="to"
>
  <View
    style={
      {
        "alignItems": "center",
        "flexDirection": "row",
        "gap": 8,
      }
    }
  >
    <ShortBitcoinAddress
      address="bcrt1q70z7vw93cxs6jx7nav9cmcn5qvlv362qfudnqmz9fnk2hjvz5nus4c0fuh"
      style={
        {
          "fontFamily": "Baloo2-SemiBold",
          "fontSize": 16,
          "letterSpacing": 0.16,
          "lineHeight": 28,
        }
      }
    />
    <CopyAble
      value="bcrt1q70z7vw93cxs6jx7nav9cmcn5qvlv362qfudnqmz9fnk2hjvz5nus4c0fuh"
    />
  </View>
</SummaryItem>
`;
