// Jest Snapshot v1, https://goo.gl/fbAQLP

exports[`ReputationRestored should render correctly 1`] = `
<View
  style={
    {
      "alignItems": "center",
      "display": "flex",
      "height": "100%",
      "justifyContent": "center",
    }
  }
>
  <PeachText
    style={
      {
        "color": "#FFFCFA",
        "fontFamily": "Baloo2-Bold",
        "fontSize": 34,
        "letterSpacing": 0.34,
        "lineHeight": 42,
        "textAlign": "center",
      }
    }
  >
    reputation restored
  </PeachText>
  <PeachText
    style={
      {
        "color": "#FFFCFA",
        "fontFamily": "Baloo2-Regular",
        "fontSize": 20,
        "letterSpacing": 0.2,
        "lineHeight": 28,
        "textAlign": "center",
      }
    }
  >
    welcome back!
  </PeachText>
  <Icon
    color="#FFFCFA"
    id="userCheck"
    style={
      {
        "height": 128,
        "marginTop": 64,
        "width": 128,
      }
    }
  />
</View>
`;
