// Jest Snapshot v1, https://goo.gl/fbAQLP

exports[`CurrencySelection renders correctly 1`] = `
<View>
  <View
    style={
      {
        "alignItems": "center",
        "flexDirection": "row",
      }
    }
  >
    <PeachText
      style={
        {
          "fontFamily": "Baloo2-Bold",
          "fontSize": 16,
          "letterSpacing": 0.16,
          "lineHeight": 20,
        }
      }
    >
      Which currencies do you want toÂ accept?
    </PeachText>
  </View>
  <View
    style={
      {
        "flexDirection": "row",
        "flexWrap": "wrap",
        "gap": 8,
        "marginTop": 4,
      }
    }
  >
    <CurrencyItem
      isSelected={true}
      label="EUR"
      onPress={[Function]}
    />
    <CurrencyItem
      isSelected={true}
      label="CHF"
      onPress={[Function]}
    />
    <CurrencyItem
      isSelected={false}
      label="GBP"
      onPress={[Function]}
    />
    <CurrencyItem
      isSelected={false}
      label="BGN"
      onPress={[Function]}
    />
    <CurrencyItem
      isSelected={false}
      label="CZK"
      onPress={[Function]}
    />
    <CurrencyItem
      isSelected={false}
      label="DKK"
      onPress={[Function]}
    />
    <CurrencyItem
      isSelected={false}
      label="HUF"
      onPress={[Function]}
    />
    <CurrencyItem
      isSelected={false}
      label="ISK"
      onPress={[Function]}
    />
    <CurrencyItem
      isSelected={false}
      label="NOK"
      onPress={[Function]}
    />
    <CurrencyItem
      isSelected={false}
      label="PLN"
      onPress={[Function]}
    />
    <CurrencyItem
      isSelected={false}
      label="RON"
      onPress={[Function]}
    />
    <CurrencyItem
      isSelected={false}
      label="SEK"
      onPress={[Function]}
    />
  </View>
</View>
`;
