// Jest Snapshot v1, https://goo.gl/fbAQLP

exports[`PaymentMethodForm should render correctly 1`] = `
<View
  style={
    [
      {
        "height": "100%",
      },
      undefined,
    ]
  }
>
  <PeachScrollView
    contentContainerStyle={
      [
        {
          "flexGrow": 1,
          "justifyContent": "center",
        },
        {
          "paddingBottom": 40,
          "paddingTop": 16,
        },
      ]
    }
  >
    <Template1
      currencies={[]}
      data={{}}
      onSubmit={[Function]}
      paymentMethod="sepa"
      setFormData={[Function]}
      setStepValid={[Function]}
    />
  </PeachScrollView>
  <Fade
    show={true}
    style={
      {
        "alignItems": "center",
        "marginBottom": 40,
        "width": "100%",
      }
    }
  >
    <View
      style={
        {
          "height": 40,
          "marginTop": -40,
          "width": "100%",
        }
      }
    >
      <LinearGradient
        angle={90}
        colorList={
          [
            {
              "color": "#FFF9F6",
              "offset": "0%",
              "opacity": "1",
            },
            {
              "color": "#FFF9F6",
              "offset": "100%",
              "opacity": "0",
            },
          ]
        }
      />
    </View>
    <View
      style={
        {
          "alignItems": "center",
          "flexGrow": 1,
        }
      }
    >
      <PrimaryButton
        disabled={true}
        narrow={true}
        onPress={[Function]}
        testID="navigation-next"
      >
        confirm
      </PrimaryButton>
    </View>
  </Fade>
</View>
`;
