// Jest Snapshot v1, https://goo.gl/fbAQLP

exports[`OfferDetailsTitle should render correctly 1`] = `
<PeachText
  numberOfLines={1}
  style={
    {
      "fontFamily": "Baloo2-Bold",
      "fontSize": 16,
      "letterSpacing": 0.16,
      "lineHeight": 26,
    }
  }
>
  offer
   
  Pâ€‘7B
</PeachText>
`;
