// Jest Snapshot v1, https://goo.gl/fbAQLP

exports[`Contract should render a default Contract 1`] = `
<Context.Provider
  value={
    {
      "contract": {
        "buyer": {
          "username": "buyerUsername",
        },
        "disputeActive": false,
        "seller": {
          "username": "sellerUsername",
        },
      },
      "showBatchInfo": undefined,
      "toggleShowBatchInfo": undefined,
      "view": "buyer",
    }
  }
>
  <Screen
    header={
      <ContractHeader
        requiredAction="requiredAction"
      />
    }
  >
    <ForwardRef
      contentContainerStyle={
        {
          "flexGrow": 1,
        }
      }
      contentStyle={
        {
          "flexGrow": 1,
        }
      }
    >
      <TradeSummary />
      <ContractActions
        actionPending={false}
        isEmailRequired={false}
        postConfirmPaymentBuyer={[MockFunction]}
        postConfirmPaymentSeller={[MockFunction]}
        requiredAction="requiredAction"
        style={
          {
            "alignItems": "center",
            "justifyContent": "flex-end",
            "width": "100%",
          }
        }
      />
    </ForwardRef>
  </Screen>
</Context.Provider>
`;

exports[`Contract should show the loading screen if isLoading is true 1`] = `<LoadingScreen />`;
