// Jest Snapshot v1, https://goo.gl/fbAQLP

exports[`SendBitcoinLightning should render correctly 1`] = `
<View
  onLayout={[Function]}
  style={
    [
      {
        "flexBasis": "0%",
        "flexGrow": 1,
        "flexShrink": 1,
      },
      {
        "paddingBottom": 0,
      },
    ]
  }
>
  <View
    accessibilityState={
      {
        "busy": undefined,
        "checked": undefined,
        "disabled": undefined,
        "expanded": undefined,
        "selected": undefined,
      }
    }
    accessible={true}
    focusable={true}
    onClick={[Function]}
    onResponderGrant={[Function]}
    onResponderMove={[Function]}
    onResponderRelease={[Function]}
    onResponderTerminate={[Function]}
    onResponderTerminationRequest={[Function]}
    onStartShouldSetResponder={[Function]}
    style={
      {
        "flexBasis": "0%",
        "flexGrow": 1,
        "flexShrink": 1,
      }
    }
  >
    <View
      style={
        [
          {
            "borderBottomLeftRadius": 8,
            "borderBottomRightRadius": 8,
            "borderBottomWidth": 1,
          },
          {
            "paddingTop": 0,
            "zIndex": 1,
          },
          {
            "backgroundColor": "#FFF9F6",
          },
          {
            "borderColor": "#FEEDE5",
          },
        ]
      }
    >
      <View
        style={
          [
            {
              "alignItems": "center",
              "flexDirection": "row",
              "gap": 8,
              "paddingBottom": 6,
              "paddingLeft": 8,
              "paddingRight": 8,
              "paddingTop": 6,
            },
            {},
            undefined,
          ]
        }
      >
        <View
          style={
            {
              "alignItems": "center",
              "flexBasis": "0%",
              "flexDirection": "row",
              "flexGrow": 1,
              "flexShrink": 1,
              "gap": 4,
            }
          }
        >
          <Text
            allowFontScaling={false}
            numberOfLines={1}
            style={
              [
                {
                  "color": "#2B1911",
                  "fontFamily": "Baloo2-Regular",
                  "fontSize": 16,
                  "letterSpacing": 0.16,
                  "lineHeight": 24,
                },
                [
                  {
                    "fontFamily": "Baloo2-Bold",
                    "fontSize": 16,
                    "letterSpacing": 0.16,
                    "lineHeight": 26,
                  },
                  {},
                  {
                    "color": "#2B1911",
                  },
                  {
                    "flexBasis": "0%",
                    "flexGrow": 1,
                    "flexShrink": 1,
                  },
                ],
                false,
              ]
            }
          >
            send bitcoin
          </Text>
        </View>
        <View
          style={
            {
              "alignItems": "center",
              "flexDirection": "row",
              "gap": 10,
              "justifyContent": "flex-end",
            }
          }
        />
      </View>
    </View>
    <View
      style={
        [
          {
            "flexBasis": "0%",
            "flexGrow": 1,
            "flexShrink": 1,
          },
          false,
          {
            "paddingBottom": 0,
          },
        ]
      }
    >
      <View
        style={
          [
            {
              "flexBasis": "0%",
              "flexGrow": 1,
              "flexShrink": 1,
              "paddingBottom": 8,
              "paddingLeft": 8,
              "paddingRight": 8,
              "paddingTop": 8,
            },
            {},
            undefined,
          ]
        }
      >
        <View
          style={
            [
              {
                "gap": 8,
                "paddingBottom": 4,
                "paddingTop": 4,
              },
              {},
            ]
          }
        >
          <View>
            <Text
              allowFontScaling={false}
              style={
                [
                  {
                    "color": "#2B1911",
                    "fontFamily": "Baloo2-Regular",
                    "fontSize": 16,
                    "letterSpacing": 0.16,
                    "lineHeight": 24,
                  },
                  [
                    {
                      "fontFamily": "Baloo2-Regular",
                      "fontSize": 16,
                      "fontWeight": "bold",
                      "letterSpacing": 0.16,
                      "lineHeight": 23,
                      "paddingLeft": 8,
                    },
                    {
                      "color": "#2B1911",
                    },
                  ],
                  false,
                ]
              }
            >
              form.address.lightningInvoice.label
              <Text
                allowFontScaling={false}
                style={
                  [
                    {
                      "color": "#2B1911",
                      "fontFamily": "Baloo2-Regular",
                      "fontSize": 16,
                      "letterSpacing": 0.16,
                      "lineHeight": 24,
                    },
                    {
                      "color": "#BAADA7",
                    },
                    false,
                  ]
                }
              >
                 (optional)
              </Text>
            </Text>
            <View
              style={
                [
                  {
                    "alignItems": "center",
                    "flexDirection": "row",
                    "gap": 4,
                    "justifyContent": "space-between",
                    "paddingLeft": 12,
                    "paddingRight": 12,
                    "width": "100%",
                  },
                  {
                    "borderRadius": 12,
                    "borderWidth": 1,
                    "overflow": "hidden",
                  },
                  {
                    "backgroundColor": "#FFFCFA",
                  },
                  {
                    "borderColor": "#2B1911",
                  },
                  false,
                  false,
                  {
                    "marginBottom": 1,
                    "marginTop": 1,
                  },
                  undefined,
                ]
              }
            >
              <TextInput
                accessibilityHint="form.address.lightningInvoice.label"
                allowFontScaling={false}
                autoCapitalize="none"
                autoCorrect={false}
                blurOnSubmit={false}
                editable={true}
                multiline={false}
                onBlur={[Function]}
                onChangeText={[Function]}
                onFocus={[Function]}
                placeholder="form.address.lightningInvoice.placeholder"
                placeholderTextColor="#EAE3DF"
                removeClippedSubviews={false}
                style={
                  [
                    {
                      "flexShrink": 1,
                      "fontFamily": "Baloo2-Regular",
                      "fontSize": 18,
                      "height": 40,
                      "letterSpacing": 0.18,
                      "lineHeight": 29.25,
                      "paddingBottom": 0,
                      "paddingTop": 0,
                      "width": "100%",
                    },
                    {
                      "color": "#BAADA7",
                    },
                    false,
                    {
                      "borderColor": "transparent",
                      "borderWidth": 1,
                    },
                    false,
                  ]
                }
                textAlignVertical="center"
                value=""
              />
              <View
                style={
                  {
                    "flexDirection": "row",
                    "gap": 16,
                  }
                }
              >
                <View
                  accessibilityState={
                    {
                      "busy": undefined,
                      "checked": undefined,
                      "disabled": undefined,
                      "expanded": undefined,
                      "selected": undefined,
                    }
                  }
                  accessibilityValue={
                    {
                      "max": undefined,
                      "min": undefined,
                      "now": undefined,
                      "text": undefined,
                    }
                  }
                  accessible={true}
                  collapsable={false}
                  focusable={true}
                  onClick={[Function]}
                  onResponderGrant={[Function]}
                  onResponderMove={[Function]}
                  onResponderRelease={[Function]}
                  onResponderTerminate={[Function]}
                  onResponderTerminationRequest={[Function]}
                  onStartShouldSetResponder={[Function]}
                  style={
                    {
                      "opacity": 1,
                    }
                  }
                >
                  <test-file-stub
                    fill="#2B1911"
                    style={
                      [
                        {
                          "height": 20,
                          "width": 20,
                        },
                        undefined,
                      ]
                    }
                  />
                </View>
                <View
                  accessibilityState={
                    {
                      "busy": undefined,
                      "checked": undefined,
                      "disabled": undefined,
                      "expanded": undefined,
                      "selected": undefined,
                    }
                  }
                  accessibilityValue={
                    {
                      "max": undefined,
                      "min": undefined,
                      "now": undefined,
                      "text": undefined,
                    }
                  }
                  accessible={true}
                  collapsable={false}
                  focusable={true}
                  onClick={[Function]}
                  onResponderGrant={[Function]}
                  onResponderMove={[Function]}
                  onResponderRelease={[Function]}
                  onResponderTerminate={[Function]}
                  onResponderTerminationRequest={[Function]}
                  onStartShouldSetResponder={[Function]}
                  style={
                    {
                      "opacity": 1,
                    }
                  }
                >
                  <test-file-stub
                    fill="#2B1911"
                    style={
                      [
                        {
                          "height": 20,
                          "width": 20,
                        },
                        undefined,
                      ]
                    }
                  />
                </View>
              </View>
            </View>
            <Text
              allowFontScaling={false}
              style={
                [
                  {
                    "color": "#2B1911",
                    "fontFamily": "Baloo2-Regular",
                    "fontSize": 16,
                    "letterSpacing": 0.16,
                    "lineHeight": 24,
                  },
                  [
                    {
                      "fontFamily": "Baloo2-Medium",
                      "fontSize": 14,
                      "letterSpacing": 0.14,
                      "lineHeight": 20,
                      "marginLeft": 12,
                      "marginTop": 4,
                    },
                    {
                      "color": "#DF321F",
                    },
                  ],
                  false,
                ]
              }
            >
               
            </Text>
          </View>
          <View
            accessibilityRole="button"
            accessibilityState={
              {
                "busy": undefined,
                "checked": undefined,
                "disabled": true,
                "expanded": undefined,
                "selected": undefined,
              }
            }
            accessibilityValue={
              {
                "max": undefined,
                "min": undefined,
                "now": undefined,
                "text": undefined,
              }
            }
            accessible={true}
            collapsable={false}
            focusable={true}
            onClick={[Function]}
            onResponderGrant={[Function]}
            onResponderMove={[Function]}
            onResponderRelease={[Function]}
            onResponderTerminate={[Function]}
            onResponderTerminationRequest={[Function]}
            onStartShouldSetResponder={[Function]}
            style={
              {
                "alignItems": "center",
                "backgroundColor": "#F56522",
                "borderColor": undefined,
                "borderRadius": 9999,
                "flexDirection": "row",
                "gap": 8,
                "justifyContent": "center",
                "minWidth": 104,
                "opacity": 0.33,
                "paddingBottom": 3,
                "paddingLeft": 24,
                "paddingRight": 24,
                "paddingTop": 3,
              }
            }
          >
            <Text
              allowFontScaling={false}
              ellipsizeMode="tail"
              numberOfLines={1}
              style={
                [
                  {
                    "color": "#2B1911",
                    "fontFamily": "Baloo2-Regular",
                    "fontSize": 16,
                    "letterSpacing": 0.16,
                    "lineHeight": 24,
                  },
                  [
                    {
                      "fontFamily": "Baloo2-SemiBold",
                      "fontSize": 13,
                      "letterSpacing": 0.47,
                      "lineHeight": 22,
                      "textTransform": "uppercase",
                    },
                    {},
                    {
                      "color": "#FFFCFA",
                    },
                  ],
                  false,
                ]
              }
            >
              wallet.sendBitcoin.payInvoice
            </Text>
          </View>
        </View>
      </View>
    </View>
  </View>
</View>
`;
