// Jest Snapshot v1, https://goo.gl/fbAQLP

exports[`NewUser should render correctly for error 1`] = `
<CreateAccountError
  err="UNKNOWN_ERROR"
/>
`;

exports[`NewUser should render correctly while loading 1`] = `<CreateAccountLoading />`;

exports[`NewUser should render for existing user 1`] = `<UserExistsForDevice />`;

exports[`NewUser should render for when successful 1`] = `<CreateAccountSuccess />`;
