// Jest Snapshot v1, https://goo.gl/fbAQLP

exports[`usePasswordPromptSetup should set up header correctly 1`] = `
<OldHeader
  icons={
    [
      {
        "color": "#099DE2",
        "id": "helpCircle",
        "onPress": [Function],
      },
    ]
  }
  title="backups"
/>
`;
