// Jest Snapshot v1, https://goo.gl/fbAQLP

exports[`WalletHeaderLightning should render correctly 1`] = `
<View
  style={
    [
      {
        "borderBottomLeftRadius": 8,
        "borderBottomRightRadius": 8,
        "borderBottomWidth": 1,
      },
      {
        "paddingTop": 0,
        "zIndex": 1,
      },
      {
        "backgroundColor": "#FFF9F6",
      },
      {
        "borderColor": "#FEEDE5",
      },
    ]
  }
>
  <View
    style={
      [
        {
          "alignItems": "center",
          "flexDirection": "row",
          "gap": 8,
          "paddingBottom": 6,
          "paddingLeft": 8,
          "paddingRight": 8,
          "paddingTop": 6,
        },
        {},
        undefined,
      ]
    }
  >
    <View
      style={
        {
          "alignItems": "center",
          "flexBasis": "0%",
          "flexDirection": "row",
          "flexGrow": 1,
          "flexShrink": 1,
          "gap": 4,
        }
      }
    >
      <Text
        allowFontScaling={false}
        numberOfLines={1}
        style={
          [
            {
              "color": "#2B1911",
              "fontFamily": "Baloo2-Regular",
              "fontSize": 16,
              "letterSpacing": 0.16,
              "lineHeight": 24,
            },
            [
              {
                "fontFamily": "Baloo2-Bold",
                "fontSize": 16,
                "letterSpacing": 0.16,
                "lineHeight": 26,
              },
              {},
              {
                "color": "#2B1911",
              },
              {
                "flexBasis": "0%",
                "flexGrow": 1,
                "flexShrink": 1,
              },
            ],
            false,
          ]
        }
      >
        Peach wallet
      </Text>
    </View>
    <View
      style={
        {
          "alignItems": "center",
          "flexDirection": "row",
          "gap": 10,
          "justifyContent": "flex-end",
        }
      }
    >
      <View
        accessibilityHint="go to transaction history"
        accessibilityState={
          {
            "busy": undefined,
            "checked": undefined,
            "disabled": undefined,
            "expanded": undefined,
            "selected": undefined,
          }
        }
        accessibilityValue={
          {
            "max": undefined,
            "min": undefined,
            "now": undefined,
            "text": undefined,
          }
        }
        accessible={true}
        collapsable={false}
        focusable={true}
        onClick={[Function]}
        onResponderGrant={[Function]}
        onResponderMove={[Function]}
        onResponderRelease={[Function]}
        onResponderTerminate={[Function]}
        onResponderTerminationRequest={[Function]}
        onStartShouldSetResponder={[Function]}
        style={
          {
            "opacity": 1,
            "paddingBottom": 2,
            "paddingLeft": 2,
            "paddingRight": 2,
            "paddingTop": 2,
          }
        }
      >
        <test-file-stub
          fill="#7D675E"
          style={
            [
              {
                "height": 24,
                "width": 24,
              },
              {
                "height": 20,
                "width": 20,
              },
              {},
            ]
          }
        />
      </View>
    </View>
  </View>
</View>
`;
