// Jest Snapshot v1, https://goo.gl/fbAQLP

exports[`ReportSuccess should render correctly 1`] = `
<View>
  <PeachText
    style={
      {
        "marginBottom": 8,
        "marginTop": 8,
      }
    }
  >
    We'll normally be in touch within 24 hours on workdays.Â 
  </PeachText>
  <PeachText>
    Speak to you soon!
  </PeachText>
</View>
`;
