// Jest Snapshot v1, https://goo.gl/fbAQLP

exports[`AcceptMatchPopup renders correctly 1`] = `
<PeachText>
  search.popups.acceptMatch.PeachText
</PeachText>
`;
