// Jest Snapshot v1, https://goo.gl/fbAQLP

exports[`AmountRangeSummary renders correctly 1`] = `
<View
  style={
    {
      "gap": 2,
    }
  }
>
  <Divider
    text="amount"
  />
  <View>
    <SatsFormat
      bitcoinLogoStyle={
        [
          {
            "height": 12,
            "marginRight": 4,
            "marginTop": -4,
            "width": 12,
          },
          {
            "height": 16,
            "width": 16,
          },
        ]
      }
      sats={50000}
      satsStyle={
        [
          {
            "fontSize": 12,
            "fontWeight": "normal",
          },
          {
            "fontSize": 16,
          },
        ]
      }
      style={
        [
          {
            "fontFamily": "Baloo2-SemiBold",
            "fontSize": 16,
            "fontWeight": "600",
            "letterSpacing": 0.16,
            "lineHeight": 28,
          },
          {
            "fontSize": 20,
          },
        ]
      }
    />
    <PeachText
      style={
        {
          "color": "#7D675E",
          "fontFamily": "Baloo2-SemiBold",
          "fontSize": 13,
          "letterSpacing": 0.47,
          "lineHeight": 22,
          "marginBottom": -4,
          "marginTop": -8,
          "textTransform": "uppercase",
        }
      }
    >
      up to
    </PeachText>
    <SatsFormat
      bitcoinLogoStyle={
        [
          {
            "height": 12,
            "marginRight": 4,
            "marginTop": -4,
            "width": 12,
          },
          {
            "height": 16,
            "width": 16,
          },
        ]
      }
      sats={250000}
      satsStyle={
        [
          {
            "fontSize": 12,
            "fontWeight": "normal",
          },
          {
            "fontSize": 16,
          },
        ]
      }
      style={
        [
          {
            "fontFamily": "Baloo2-SemiBold",
            "fontSize": 16,
            "fontWeight": "600",
            "letterSpacing": 0.16,
            "lineHeight": 28,
          },
          {
            "fontSize": 20,
          },
        ]
      }
    />
  </View>
</View>
`;

exports[`AmountRangeSummary renders correctly for md screens 1`] = `
<View
  style={
    {
      "gap": 2,
    }
  }
>
  <Divider
    text="amount"
  />
  <View>
    <SatsFormat
      bitcoinLogoStyle={
        [
          {
            "height": 12,
            "marginRight": 4,
            "marginTop": -4,
            "width": 12,
          },
          {
            "height": 16,
            "width": 16,
          },
        ]
      }
      sats={50000}
      satsStyle={
        [
          {
            "fontSize": 12,
            "fontWeight": "normal",
          },
          {
            "fontSize": 16,
          },
        ]
      }
      style={
        [
          {
            "fontFamily": "Baloo2-SemiBold",
            "fontSize": 16,
            "fontWeight": "600",
            "letterSpacing": 0.16,
            "lineHeight": 28,
          },
          {
            "fontSize": 20,
          },
        ]
      }
    />
    <PeachText
      style={
        {
          "color": "#7D675E",
          "fontFamily": "Baloo2-SemiBold",
          "fontSize": 13,
          "letterSpacing": 0.47,
          "lineHeight": 22,
          "marginBottom": -4,
          "marginTop": -8,
          "textTransform": "uppercase",
        }
      }
    >
      up to
    </PeachText>
    <SatsFormat
      bitcoinLogoStyle={
        [
          {
            "height": 12,
            "marginRight": 4,
            "marginTop": -4,
            "width": 12,
          },
          {
            "height": 16,
            "width": 16,
          },
        ]
      }
      sats={250000}
      satsStyle={
        [
          {
            "fontSize": 12,
            "fontWeight": "normal",
          },
          {
            "fontSize": 16,
          },
        ]
      }
      style={
        [
          {
            "fontFamily": "Baloo2-SemiBold",
            "fontSize": 16,
            "fontWeight": "600",
            "letterSpacing": 0.16,
            "lineHeight": 28,
          },
          {
            "fontSize": 20,
          },
        ]
      }
    />
  </View>
</View>
`;
