// Jest Snapshot v1, https://goo.gl/fbAQLP

exports[`YourTrades should render correctly 1`] = `
<View
  style={
    {
      "flexBasis": "0%",
      "flexGrow": 1,
      "flexShrink": 1,
    }
  }
>
  <RCTSafeAreaView
    style={
      [
        {
          "borderBottomLeftRadius": 8,
          "borderBottomRightRadius": 8,
          "borderBottomWidth": 1,
        },
        {
          "backgroundColor": "#FFF9F6",
        },
        {
          "borderColor": "#FEEDE5",
        },
      ]
    }
  >
    <View
      style={
        [
          {
            "alignItems": "center",
            "flexDirection": "row",
            "gap": 8,
            "paddingBottom": 6,
            "paddingLeft": 16,
            "paddingRight": 16,
            "paddingTop": 6,
          },
          {
            "paddingLeft": 32,
            "paddingRight": 32,
          },
          false,
        ]
      }
    >
      <View
        style={
          {
            "alignItems": "center",
            "flexBasis": "0%",
            "flexDirection": "row",
            "flexGrow": 1,
            "flexShrink": 1,
            "gap": 4,
          }
        }
      >
        <Text
          allowFontScaling={false}
          numberOfLines={1}
          style={
            [
              {
                "color": "#2B1911",
                "fontFamily": "Baloo2-Regular",
                "fontSize": 16,
                "letterSpacing": 0.16,
                "lineHeight": 24,
              },
              [
                {
                  "fontFamily": "Baloo2-Bold",
                  "fontSize": 16,
                  "letterSpacing": 0.16,
                  "lineHeight": 26,
                },
                {
                  "fontFamily": "Baloo2-Bold",
                  "fontSize": 20,
                  "letterSpacing": 0.2,
                  "lineHeight": 32,
                },
                {
                  "color": "#2B1911",
                },
                {
                  "flexBasis": "0%",
                  "flexGrow": 1,
                  "flexShrink": 1,
                },
              ],
              false,
            ]
          }
        >
          your trades
        </Text>
      </View>
      <View
        style={
          {
            "alignItems": "center",
            "flexDirection": "row",
            "gap": 10,
            "justifyContent": "flex-end",
          }
        }
      >
        <View
          accessibilityHint="go to export trade history"
          accessibilityState={
            {
              "busy": undefined,
              "checked": undefined,
              "disabled": undefined,
              "expanded": undefined,
              "selected": undefined,
            }
          }
          accessibilityValue={
            {
              "max": undefined,
              "min": undefined,
              "now": undefined,
              "text": undefined,
            }
          }
          accessible={true}
          collapsable={false}
          focusable={true}
          onClick={[Function]}
          onResponderGrant={[Function]}
          onResponderMove={[Function]}
          onResponderRelease={[Function]}
          onResponderTerminate={[Function]}
          onResponderTerminationRequest={[Function]}
          onStartShouldSetResponder={[Function]}
          style={
            {
              "opacity": 1,
              "paddingBottom": 2,
              "paddingLeft": 2,
              "paddingRight": 2,
              "paddingTop": 2,
            }
          }
        >
          <test-file-stub
            fill="#9F8C82"
            style={
              [
                {
                  "height": 24,
                  "width": 24,
                },
                {
                  "height": 20,
                  "width": 20,
                },
                {
                  "height": 24,
                  "width": 24,
                },
              ]
            }
          />
        </View>
      </View>
    </View>
  </RCTSafeAreaView>
  <RCTSafeAreaView
    style={
      {
        "flexBasis": "0%",
        "flexGrow": 1,
        "flexShrink": 1,
      }
    }
  >
    <View
      style={
        [
          {
            "flexBasis": "0%",
            "flexGrow": 1,
            "flexShrink": 1,
            "paddingBottom": 16,
            "paddingLeft": 16,
            "paddingRight": 16,
            "paddingTop": 16,
          },
          {
            "paddingBottom": 32,
            "paddingLeft": 32,
            "paddingRight": 32,
            "paddingTop": 32,
          },
          {
            "paddingLeft": 0,
            "paddingRight": 0,
          },
        ]
      }
    >
      <Navigator
        initialRouteName="buy"
        sceneContainerStyle={
          [
            {
              "paddingLeft": 16,
              "paddingRight": 16,
            },
            {
              "paddingLeft": 32,
              "paddingRight": 32,
            },
          ]
        }
        tabBar={[Function]}
      >
        <Screen
          name="yourTrades.buy"
        >
          <View
            style={
              {
                "alignItems": "center",
                "flexBasis": "0%",
                "flexGrow": 1,
                "flexShrink": 1,
                "justifyContent": "center",
                "paddingLeft": 60,
                "paddingRight": 60,
              }
            }
          >
            <Text
              allowFontScaling={false}
              style={
                [
                  {
                    "color": "#2B1911",
                    "fontFamily": "Baloo2-Regular",
                    "fontSize": 16,
                    "letterSpacing": 0.16,
                    "lineHeight": 24,
                  },
                  {
                    "color": "#9F8C82",
                    "fontFamily": "Baloo2-Bold",
                    "fontSize": 20,
                    "letterSpacing": 0.2,
                    "lineHeight": 32,
                  },
                  false,
                ]
              }
            >
              none yet!
            </Text>
            <View
              style={
                [
                  {
                    "backgroundColor": "#EAE3DF",
                    "flexShrink": 1,
                    "height": 1,
                    "width": "100%",
                  },
                  {
                    "backgroundColor": "#F4EEEB",
                    "marginBottom": 32,
                    "marginTop": 32,
                    "width": "100%",
                  },
                ]
              }
            />
            <View
              accessibilityState={
                {
                  "busy": undefined,
                  "checked": undefined,
                  "disabled": undefined,
                  "expanded": undefined,
                  "selected": undefined,
                }
              }
              accessibilityValue={
                {
                  "max": undefined,
                  "min": undefined,
                  "now": undefined,
                  "text": undefined,
                }
              }
              accessible={true}
              collapsable={false}
              focusable={true}
              onClick={[Function]}
              onResponderGrant={[Function]}
              onResponderMove={[Function]}
              onResponderRelease={[Function]}
              onResponderTerminate={[Function]}
              onResponderTerminationRequest={[Function]}
              onStartShouldSetResponder={[Function]}
              style={
                {
                  "alignItems": "center",
                  "flexDirection": "row",
                  "opacity": 1,
                }
              }
            >
              <Text
                allowFontScaling={false}
                style={
                  [
                    {
                      "color": "#2B1911",
                      "fontFamily": "Baloo2-Regular",
                      "fontSize": 16,
                      "letterSpacing": 0.16,
                      "lineHeight": 24,
                    },
                    {
                      "color": "#F56522",
                      "fontFamily": "Baloo2-Bold",
                      "fontSize": 20,
                      "letterSpacing": 0.2,
                      "lineHeight": 32,
                    },
                    false,
                  ]
                }
              >
                start buying!
              </Text>
              <test-file-stub
                fill="#F56522"
                style={
                  [
                    {
                      "height": 24,
                      "width": 24,
                    },
                    {
                      "height": 20,
                      "marginLeft": 8,
                      "width": 20,
                    },
                  ]
                }
              />
            </View>
          </View>
        </Screen>
        <Screen
          name="yourTrades.sell"
        >
          <View
            style={
              {
                "alignItems": "center",
                "flexBasis": "0%",
                "flexGrow": 1,
                "flexShrink": 1,
                "justifyContent": "center",
                "paddingLeft": 60,
                "paddingRight": 60,
              }
            }
          >
            <Text
              allowFontScaling={false}
              style={
                [
                  {
                    "color": "#2B1911",
                    "fontFamily": "Baloo2-Regular",
                    "fontSize": 16,
                    "letterSpacing": 0.16,
                    "lineHeight": 24,
                  },
                  {
                    "color": "#9F8C82",
                    "fontFamily": "Baloo2-Bold",
                    "fontSize": 20,
                    "letterSpacing": 0.2,
                    "lineHeight": 32,
                  },
                  false,
                ]
              }
            >
              none yet!
            </Text>
            <View
              style={
                [
                  {
                    "backgroundColor": "#EAE3DF",
                    "flexShrink": 1,
                    "height": 1,
                    "width": "100%",
                  },
                  {
                    "backgroundColor": "#F4EEEB",
                    "marginBottom": 32,
                    "marginTop": 32,
                    "width": "100%",
                  },
                ]
              }
            />
            <View
              accessibilityState={
                {
                  "busy": undefined,
                  "checked": undefined,
                  "disabled": undefined,
                  "expanded": undefined,
                  "selected": undefined,
                }
              }
              accessibilityValue={
                {
                  "max": undefined,
                  "min": undefined,
                  "now": undefined,
                  "text": undefined,
                }
              }
              accessible={true}
              collapsable={false}
              focusable={true}
              onClick={[Function]}
              onResponderGrant={[Function]}
              onResponderMove={[Function]}
              onResponderRelease={[Function]}
              onResponderTerminate={[Function]}
              onResponderTerminationRequest={[Function]}
              onStartShouldSetResponder={[Function]}
              style={
                {
                  "alignItems": "center",
                  "flexDirection": "row",
                  "opacity": 1,
                }
              }
            >
              <Text
                allowFontScaling={false}
                style={
                  [
                    {
                      "color": "#2B1911",
                      "fontFamily": "Baloo2-Regular",
                      "fontSize": 16,
                      "letterSpacing": 0.16,
                      "lineHeight": 24,
                    },
                    {
                      "color": "#F56522",
                      "fontFamily": "Baloo2-Bold",
                      "fontSize": 20,
                      "letterSpacing": 0.2,
                      "lineHeight": 32,
                    },
                    false,
                  ]
                }
              >
                start selling!
              </Text>
              <test-file-stub
                fill="#F56522"
                style={
                  [
                    {
                      "height": 24,
                      "width": 24,
                    },
                    {
                      "height": 20,
                      "marginLeft": 8,
                      "width": 20,
                    },
                  ]
                }
              />
            </View>
          </View>
        </Screen>
        <Screen
          name="yourTrades.history"
        >
          <View
            style={
              {
                "alignItems": "center",
                "flexBasis": "0%",
                "flexGrow": 1,
                "flexShrink": 1,
                "justifyContent": "center",
                "paddingLeft": 60,
                "paddingRight": 60,
              }
            }
          >
            <Text
              allowFontScaling={false}
              style={
                [
                  {
                    "color": "#2B1911",
                    "fontFamily": "Baloo2-Regular",
                    "fontSize": 16,
                    "letterSpacing": 0.16,
                    "lineHeight": 24,
                  },
                  {
                    "color": "#9F8C82",
                    "fontFamily": "Baloo2-Bold",
                    "fontSize": 20,
                    "letterSpacing": 0.2,
                    "lineHeight": 32,
                  },
                  false,
                ]
              }
            >
              none yet!
            </Text>
          </View>
        </Screen>
      </Navigator>
    </View>
    <View
      style={
        [
          {
            "alignItems": "center",
            "alignSelf": "stretch",
            "backgroundColor": "#FFF9F6",
            "flexDirection": "row",
            "justifyContent": "space-between",
            "paddingBottom": 8,
            "paddingTop": 8,
          },
          {
            "paddingBottom": 0,
            "paddingTop": 16,
          },
        ]
      }
    >
      <View
        accessibilityState={
          {
            "busy": undefined,
            "checked": undefined,
            "disabled": undefined,
            "expanded": undefined,
            "selected": undefined,
          }
        }
        accessibilityValue={
          {
            "max": undefined,
            "min": undefined,
            "now": undefined,
            "text": undefined,
          }
        }
        accessible={true}
        collapsable={false}
        focusable={true}
        onClick={[Function]}
        onResponderGrant={[Function]}
        onResponderMove={[Function]}
        onResponderRelease={[Function]}
        onResponderTerminate={[Function]}
        onResponderTerminationRequest={[Function]}
        onStartShouldSetResponder={[Function]}
        style={
          {
            "alignItems": "center",
            "flexBasis": "0%",
            "flexGrow": 1,
            "flexShrink": 1,
            "gap": 2,
            "opacity": 1,
          }
        }
      >
        <View
          style={
            {
              "height": 24,
              "width": 24,
            }
          }
        >
          <test-file-stub
            fill="#7D675E"
            style={
              [
                {
                  "height": 24,
                  "width": 24,
                },
                {
                  "height": 24,
                  "width": 24,
                },
              ]
            }
          />
        </View>
        <Text
          allowFontScaling={false}
          style={
            [
              {
                "color": "#2B1911",
                "fontFamily": "Baloo2-Regular",
                "fontSize": 16,
                "letterSpacing": 0.16,
                "lineHeight": 24,
              },
              [
                {
                  "color": "#7D675E",
                },
                {
                  "fontFamily": "Baloo2-SemiBold",
                  "fontSize": 9,
                  "letterSpacing": 0.16,
                  "lineHeight": 14.625,
                  "textAlign": "center",
                },
              ],
              false,
            ]
          }
        >
          buy btc
        </Text>
      </View>
      <View
        accessibilityState={
          {
            "busy": undefined,
            "checked": undefined,
            "disabled": undefined,
            "expanded": undefined,
            "selected": undefined,
          }
        }
        accessibilityValue={
          {
            "max": undefined,
            "min": undefined,
            "now": undefined,
            "text": undefined,
          }
        }
        accessible={true}
        collapsable={false}
        focusable={true}
        onClick={[Function]}
        onResponderGrant={[Function]}
        onResponderMove={[Function]}
        onResponderRelease={[Function]}
        onResponderTerminate={[Function]}
        onResponderTerminationRequest={[Function]}
        onStartShouldSetResponder={[Function]}
        style={
          {
            "alignItems": "center",
            "flexBasis": "0%",
            "flexGrow": 1,
            "flexShrink": 1,
            "gap": 2,
            "opacity": 1,
          }
        }
      >
        <View
          style={
            {
              "height": 24,
              "width": 24,
            }
          }
        >
          <test-file-stub
            fill="#7D675E"
            style={
              [
                {
                  "height": 24,
                  "width": 24,
                },
                {
                  "height": 24,
                  "width": 24,
                },
              ]
            }
          />
        </View>
        <Text
          allowFontScaling={false}
          style={
            [
              {
                "color": "#2B1911",
                "fontFamily": "Baloo2-Regular",
                "fontSize": 16,
                "letterSpacing": 0.16,
                "lineHeight": 24,
              },
              [
                {
                  "color": "#7D675E",
                },
                {
                  "fontFamily": "Baloo2-SemiBold",
                  "fontSize": 9,
                  "letterSpacing": 0.16,
                  "lineHeight": 14.625,
                  "textAlign": "center",
                },
              ],
              false,
            ]
          }
        >
          sell btc
        </Text>
      </View>
      <View
        accessibilityState={
          {
            "busy": undefined,
            "checked": undefined,
            "disabled": undefined,
            "expanded": undefined,
            "selected": undefined,
          }
        }
        accessibilityValue={
          {
            "max": undefined,
            "min": undefined,
            "now": undefined,
            "text": undefined,
          }
        }
        accessible={true}
        collapsable={false}
        focusable={true}
        onClick={[Function]}
        onResponderGrant={[Function]}
        onResponderMove={[Function]}
        onResponderRelease={[Function]}
        onResponderTerminate={[Function]}
        onResponderTerminationRequest={[Function]}
        onStartShouldSetResponder={[Function]}
        style={
          {
            "alignItems": "center",
            "flexBasis": "0%",
            "flexGrow": 1,
            "flexShrink": 1,
            "gap": 2,
            "opacity": 1,
          }
        }
      >
        <View
          style={
            {
              "height": 24,
              "width": 24,
            }
          }
        >
          <test-file-stub
            fill="#7D675E"
            style={
              [
                {
                  "height": 24,
                  "width": 24,
                },
                {
                  "height": 24,
                  "width": 24,
                },
              ]
            }
          />
        </View>
        <Text
          allowFontScaling={false}
          style={
            [
              {
                "color": "#2B1911",
                "fontFamily": "Baloo2-Regular",
                "fontSize": 16,
                "letterSpacing": 0.16,
                "lineHeight": 24,
              },
              [
                {
                  "color": "#7D675E",
                },
                {
                  "fontFamily": "Baloo2-SemiBold",
                  "fontSize": 9,
                  "letterSpacing": 0.16,
                  "lineHeight": 14.625,
                  "textAlign": "center",
                },
              ],
              false,
            ]
          }
        >
          wallet
        </Text>
      </View>
      <View
        accessibilityState={
          {
            "busy": undefined,
            "checked": undefined,
            "disabled": undefined,
            "expanded": undefined,
            "selected": undefined,
          }
        }
        accessibilityValue={
          {
            "max": undefined,
            "min": undefined,
            "now": undefined,
            "text": undefined,
          }
        }
        accessible={true}
        collapsable={false}
        focusable={true}
        onClick={[Function]}
        onResponderGrant={[Function]}
        onResponderMove={[Function]}
        onResponderRelease={[Function]}
        onResponderTerminate={[Function]}
        onResponderTerminationRequest={[Function]}
        onStartShouldSetResponder={[Function]}
        style={
          {
            "alignItems": "center",
            "flexBasis": "0%",
            "flexGrow": 1,
            "flexShrink": 1,
            "gap": 2,
            "opacity": 1,
          }
        }
      >
        <View
          style={
            {
              "height": 24,
              "width": 24,
            }
          }
        >
          <test-file-stub
            fill="#7D675E"
            style={
              [
                {
                  "height": 24,
                  "width": 24,
                },
                {
                  "height": 24,
                  "width": 24,
                },
              ]
            }
          />
        </View>
        <Text
          allowFontScaling={false}
          style={
            [
              {
                "color": "#2B1911",
                "fontFamily": "Baloo2-Regular",
                "fontSize": 16,
                "letterSpacing": 0.16,
                "lineHeight": 24,
              },
              [
                {
                  "color": "#7D675E",
                },
                {
                  "fontFamily": "Baloo2-SemiBold",
                  "fontSize": 9,
                  "letterSpacing": 0.16,
                  "lineHeight": 14.625,
                  "textAlign": "center",
                },
              ],
              false,
            ]
          }
        >
          trades
        </Text>
      </View>
      <View
        accessibilityState={
          {
            "busy": undefined,
            "checked": undefined,
            "disabled": undefined,
            "expanded": undefined,
            "selected": undefined,
          }
        }
        accessibilityValue={
          {
            "max": undefined,
            "min": undefined,
            "now": undefined,
            "text": undefined,
          }
        }
        accessible={true}
        collapsable={false}
        focusable={true}
        onClick={[Function]}
        onResponderGrant={[Function]}
        onResponderMove={[Function]}
        onResponderRelease={[Function]}
        onResponderTerminate={[Function]}
        onResponderTerminationRequest={[Function]}
        onStartShouldSetResponder={[Function]}
        style={
          {
            "alignItems": "center",
            "flexBasis": "0%",
            "flexGrow": 1,
            "flexShrink": 1,
            "gap": 2,
            "opacity": 1,
          }
        }
      >
        <View
          style={
            {
              "height": 24,
              "width": 24,
            }
          }
        >
          <test-file-stub
            style={
              {
                "height": 24,
                "width": 24,
              }
            }
          />
        </View>
        <Text
          allowFontScaling={false}
          style={
            [
              {
                "color": "#2B1911",
                "fontFamily": "Baloo2-Regular",
                "fontSize": 16,
                "letterSpacing": 0.16,
                "lineHeight": 24,
              },
              [
                {
                  "color": "#7D675E",
                },
                {
                  "fontFamily": "Baloo2-SemiBold",
                  "fontSize": 9,
                  "letterSpacing": 0.16,
                  "lineHeight": 14.625,
                  "textAlign": "center",
                },
              ],
              false,
            ]
          }
        >
          settings
        </Text>
      </View>
    </View>
  </RCTSafeAreaView>
</View>
`;
